[     326ms] [INFO] %cDownload the React DevTools for a better development experience: https://reactjs.org/link/react-devtools font-weight:bold @ webpack-internal:///(app-pages-browser)/./node_modules/next/dist/compiled/react-dom/cjs/react-dom.development.js:38559
[     374ms] [ERROR] Failed to load resource: the server responded with a status of 404 (Not Found) @ http://127.0.0.1:3001/favicon.ico:0
[ 1384959ms] [LOG] [Fast Refresh] rebuilding @ webpack-internal:///(app-pages-browser)/./node_modules/next/dist/client/components/react-dev-overlay/app/hot-reloader-client.js:186
[ 1385035ms] [ERROR] ./src/components/GSTSection.tsx
Error: Failed to read source code from /Users/juned/WORK/Automation_Wireframe/Automation-Wireframe/src/components/GSTSection.tsx

Caused by:
    No such file or directory (os error 2)

Import trace for requested module:
./src/components/GSTSection.tsx
./src/app/app/da/gst/page.tsx @ webpack-internal:///(app-pages-browser)/./node_modules/next/dist/client/app-index.js:32
[ 1385115ms] [ERROR] ./src/components/GSTSection.tsx
Error: Failed to read source code from /Users/juned/WORK/Automation_Wireframe/Automation-Wireframe/src/components/GSTSection.tsx

Caused by:
    No such file or directory (os error 2)

Import trace for requested module:
./src/components/GSTSection.tsx
./src/app/app/da/gst/page.tsx @ webpack-internal:///(app-pages-browser)/./node_modules/next/dist/client/app-index.js:32
[ 1776721ms] [ERROR] ./src/components/GSTSection.tsx
Error: Failed to read source code from /Users/juned/WORK/Automation_Wireframe/Automation-Wireframe/src/components/GSTSection.tsx

Caused by:
    No such file or directory (os error 2)

Import trace for requested module:
./src/components/GSTSection.tsx
./src/app/app/da/gst/page.tsx @ webpack-internal:///(app-pages-browser)/./node_modules/next/dist/client/app-index.js:32
[ 1776965ms] [LOG] [Fast Refresh] done in 392007ms @ webpack-internal:///(app-pages-browser)/./node_modules/next/dist/client/components/react-dev-overlay/app/hot-reloader-client.js:43
