[    1857ms] [LOG] MIXPANEL PEOPLE REQUEST (QUEUED, PENDING IDENTIFY): @ https://taxone.vyapar.com/app/static/js/main.20ce94a0.js:1
[    1857ms] [LOG] {$set_once: Object, $token: 0fdd7e71716cd0f982dba2923a76e933, $distinct_id: $device:84bdc580-3c1e-49e2-8b9b-3512ef47fdbc, $device_id: 84bdc580-3c1e-49e2-8b9b-3512ef47fdbc} @ https://taxone.vyapar.com/app/static/js/main.20ce94a0.js:1
[    1887ms] [ERROR] Failed to load resource: the server responded with a status of 404 () @ https://taxone.vyapar.com/audio.wav:0
[    1957ms] Uncaught (in promise) Error: Can only be used on: https://in.suvit.io
    at <anonymous> (https://cdn.onesignal.com/sdks/web/v16/OneSignalSDK.page.es6.js?v=160603:0:18311)
    at <anonymous> (https://cdn.onesignal.com/sdks/web/v16/OneSignalSDK.page.es6.js?v=160603:0:18373)
[    1981ms] [VERBOSE] [DOM] Input elements should have autocomplete attributes (suggested: "current-password"): (More info: https://goo.gl/9p2vKq) %o @ https://taxone.vyapar.com/app/signIn:0
[   23450ms] [LOG] MIXPANEL REQUEST: @ https://taxone.vyapar.com/app/static/js/main.20ce94a0.js:1
[   23450ms] [LOG] {event: User Properties Set, properties: Object} @ https://taxone.vyapar.com/app/static/js/main.20ce94a0.js:1
[   23451ms] [LOG] MIXPANEL REQUEST: @ https://taxone.vyapar.com/app/static/js/main.20ce94a0.js:1
[   23451ms] [LOG] {event: Successful login, properties: Object} @ https://taxone.vyapar.com/app/static/js/main.20ce94a0.js:1
[   24194ms] [LOG] All caches deleted @ https://taxone.vyapar.com/app/static/js/main.20ce94a0.js:1
[   24221ms] [WARNING] Usetiful: UserId set with delay. Retrying loading from API (attempt 1/5) in 10ms. @ https://www.usetiful.com/dist/usetiful.js:0
[   24228ms] [LOG] MIXPANEL REQUEST: @ https://taxone.vyapar.com/app/static/js/main.20ce94a0.js:1
[   24228ms] [LOG] {event: Company Context Set, properties: Object} @ https://taxone.vyapar.com/app/static/js/main.20ce94a0.js:1
[   24593ms] [LOG] MIXPANEL REQUEST: @ https://taxone.vyapar.com/app/static/js/main.20ce94a0.js:1
[   24593ms] [LOG] {event: Company Context Set, properties: Object} @ https://taxone.vyapar.com/app/static/js/main.20ce94a0.js:1
[   25629ms] [LOG] MIXPANEL REQUEST: @ https://taxone.vyapar.com/app/static/js/main.20ce94a0.js:1
[   25629ms] [LOG] {event: User Properties Set, properties: Object} @ https://taxone.vyapar.com/app/static/js/main.20ce94a0.js:1
[   26865ms] [LOG] [batch] MIXPANEL REQUEST: [Object] @ https://taxone.vyapar.com/app/static/js/main.20ce94a0.js:1
[   26865ms] [LOG] [batch] MIXPANEL REQUEST: [Object, Object, Object, Object, Object, Object, Object] @ https://taxone.vyapar.com/app/static/js/main.20ce94a0.js:1
[   26866ms] [LOG] [batch] MIXPANEL REQUEST: [Object, Object] @ https://taxone.vyapar.com/app/static/js/main.20ce94a0.js:1
