[    1977ms] [LOG] MIXPANEL PEOPLE REQUEST (QUEUED, PENDING IDENTIFY): @ https://taxone.vyapar.com/app/static/js/main.20ce94a0.js:1
[    1977ms] [LOG] {$set_once: Object, $token: 0fdd7e71716cd0f982dba2923a76e933, $distinct_id: $device:ac136ba7-1150-40eb-9484-5d9f3e6769e7, $device_id: ac136ba7-1150-40eb-9484-5d9f3e6769e7} @ https://taxone.vyapar.com/app/static/js/main.20ce94a0.js:1
[    2007ms] [ERROR] Failed to load resource: the server responded with a status of 404 () @ https://taxone.vyapar.com/audio.wav:0
[    2067ms] Uncaught (in promise) Error: Can only be used on: https://in.suvit.io
    at <anonymous> (https://cdn.onesignal.com/sdks/web/v16/OneSignalSDK.page.es6.js?v=160603:0:18311)
    at <anonymous> (https://cdn.onesignal.com/sdks/web/v16/OneSignalSDK.page.es6.js?v=160603:0:18373)
[    2100ms] [VERBOSE] [DOM] Input elements should have autocomplete attributes (suggested: "current-password"): (More info: https://goo.gl/9p2vKq) %o @ https://taxone.vyapar.com/app/signIn:0
[   21781ms] [LOG] MIXPANEL REQUEST: @ https://taxone.vyapar.com/app/static/js/main.20ce94a0.js:1
[   21781ms] [LOG] {event: User Properties Set, properties: Object} @ https://taxone.vyapar.com/app/static/js/main.20ce94a0.js:1
[   21781ms] [LOG] MIXPANEL REQUEST: @ https://taxone.vyapar.com/app/static/js/main.20ce94a0.js:1
[   21781ms] [LOG] {event: Successful login, properties: Object} @ https://taxone.vyapar.com/app/static/js/main.20ce94a0.js:1
[   22544ms] [LOG] All caches deleted @ https://taxone.vyapar.com/app/static/js/main.20ce94a0.js:1
[   22570ms] [LOG] [batch] MIXPANEL REQUEST: [Object] @ https://taxone.vyapar.com/app/static/js/main.20ce94a0.js:1
[   22570ms] [LOG] [batch] MIXPANEL REQUEST: [Object, Object] @ https://taxone.vyapar.com/app/static/js/main.20ce94a0.js:1
[   22571ms] [WARNING] Usetiful: UserId set with delay. Retrying loading from API (attempt 1/5) in 10ms. @ https://www.usetiful.com/dist/usetiful.js:0
[   22575ms] [LOG] MIXPANEL REQUEST: @ https://taxone.vyapar.com/app/static/js/main.20ce94a0.js:1
[   22575ms] [LOG] {event: Company Context Set, properties: Object} @ https://taxone.vyapar.com/app/static/js/main.20ce94a0.js:1
[   22655ms] [LOG] [batch] MIXPANEL REQUEST: [Object, Object] @ https://taxone.vyapar.com/app/static/js/main.20ce94a0.js:1
[   22940ms] [LOG] MIXPANEL REQUEST: @ https://taxone.vyapar.com/app/static/js/main.20ce94a0.js:1
[   22940ms] [LOG] {event: Company Context Set, properties: Object} @ https://taxone.vyapar.com/app/static/js/main.20ce94a0.js:1
[   23973ms] [LOG] MIXPANEL REQUEST: @ https://taxone.vyapar.com/app/static/js/main.20ce94a0.js:1
[   23973ms] [LOG] {event: User Properties Set, properties: Object} @ https://taxone.vyapar.com/app/static/js/main.20ce94a0.js:1
[   27571ms] [LOG] [batch] MIXPANEL REQUEST: [Object, Object] @ https://taxone.vyapar.com/app/static/js/main.20ce94a0.js:1
[   27735ms] [LOG] [batch] MIXPANEL REQUEST: [Object, Object, Object] @ https://taxone.vyapar.com/app/static/js/main.20ce94a0.js:1
[   27919ms] [LOG] MIXPANEL REQUEST: @ https://taxone.vyapar.com/app/static/js/main.20ce94a0.js:1
[   27919ms] [LOG] {event: Clicked Data Entry Automation Icon, properties: Object} @ https://taxone.vyapar.com/app/static/js/main.20ce94a0.js:1
[   29103ms] [LOG] MIXPANEL REQUEST: @ https://taxone.vyapar.com/app/static/js/main.20ce94a0.js:1
[   29103ms] [LOG] {event: User Properties Set, properties: Object} @ https://taxone.vyapar.com/app/static/js/main.20ce94a0.js:1
[   32835ms] [LOG] [batch] MIXPANEL REQUEST: [Object] @ https://taxone.vyapar.com/app/static/js/main.20ce94a0.js:1
