[     267ms] [ERROR] Failed to load resource: the server responded with a status of 404 () @ https://api.themunim.com/api/get-cookie?key=common_data:0
[     281ms] [ERROR] Failed to load resource: the server responded with a status of 404 () @ https://api.themunim.com/api/get-cookie?key=m_d_c:0
[     367ms] Unexpected token '<'
[     407ms] [ERROR] Failed to load resource: the server responded with a status of 404 () @ https://api.themunim.com/api/get-cookie?key=common_data:0
[   21722ms] [ERROR] Failed to load resource: the server responded with a status of 404 () @ https://api.themunim.com/api/get-cookie?key=m_d_c:0
[   21943ms] [WARNING] Failed to decode downloaded font: https://gst.themunim.com/static/css/fonts/feather.woff?t=1525787366991 @ https://gst.themunim.com/dashboard:0
[   21943ms] [WARNING] OTS parsing error: invalid sfntVersion: 1008821359 @ https://gst.themunim.com/dashboard:0
[   21957ms] [WARNING] Failed to decode downloaded font: https://gst.themunim.com/static/css/fonts/feather.ttf?t=1525787366991 @ https://gst.themunim.com/dashboard:0
[   21957ms] [WARNING] OTS parsing error: invalid sfntVersion: 1008821359 @ https://gst.themunim.com/dashboard:0
[   21959ms] [ERROR] Failed to load resource: the server responded with a status of 404 () @ https://gstapi.themunim.com/api/get-organization-list:0
[   22109ms] [WARNING] Failed to decode downloaded font: https://gst.themunim.com/static/css/fonts/feather.woff?t=1525787366991 @ https://gst.themunim.com/static/js/3048.bundle.1776681672725.js:1
[   22109ms] [WARNING] OTS parsing error: invalid sfntVersion: 1008821359 @ https://gst.themunim.com/static/js/3048.bundle.1776681672725.js:1
[   22109ms] [WARNING] Failed to decode downloaded font: https://gst.themunim.com/static/css/fonts/feather.ttf?t=1525787366991 @ https://gst.themunim.com/static/js/3048.bundle.1776681672725.js:1
[   22109ms] [WARNING] OTS parsing error: invalid sfntVersion: 1008821359 @ https://gst.themunim.com/static/js/3048.bundle.1776681672725.js:1
[   26084ms] [ERROR] Tawk.to setAttributes error: INVALID_NAME @ https://gst.themunim.com/static/js/6879.bundle.1776681672725.js:0
[   27201ms] [WARNING] Failed to decode downloaded font: https://gst.themunim.com/static/css/fonts/feather.woff?t=1525787366991 @ https://gst.themunim.com/dashboard:0
[   27201ms] [WARNING] OTS parsing error: invalid sfntVersion: 1008821359 @ https://gst.themunim.com/dashboard:0
[   27201ms] [WARNING] Failed to decode downloaded font: https://gst.themunim.com/static/css/fonts/feather.ttf?t=1525787366991 @ https://gst.themunim.com/dashboard:0
[   27201ms] [WARNING] OTS parsing error: invalid sfntVersion: 1008821359 @ https://gst.themunim.com/dashboard:0
[   27260ms] [WARNING] Failed to decode downloaded font: https://gst.themunim.com/static/css/fonts/feather.woff?t=1525787366991 @ https://gst.themunim.com/dashboard:0
[   27260ms] [WARNING] OTS parsing error: invalid sfntVersion: 1008821359 @ https://gst.themunim.com/dashboard:0
[   27260ms] [WARNING] Failed to decode downloaded font: https://gst.themunim.com/static/css/fonts/feather.ttf?t=1525787366991 @ https://gst.themunim.com/dashboard:0
[   27260ms] [WARNING] OTS parsing error: invalid sfntVersion: 1008821359 @ https://gst.themunim.com/dashboard:0
[   27283ms] [WARNING] Failed to decode downloaded font: https://gst.themunim.com/static/css/fonts/feather.woff?t=1525787366991 @ https://gst.themunim.com/dashboard:0
[   27283ms] [WARNING] OTS parsing error: invalid sfntVersion: 1008821359 @ https://gst.themunim.com/dashboard:0
[   27283ms] [WARNING] Failed to decode downloaded font: https://gst.themunim.com/static/css/fonts/feather.ttf?t=1525787366991 @ https://gst.themunim.com/dashboard:0
[   27283ms] [WARNING] OTS parsing error: invalid sfntVersion: 1008821359 @ https://gst.themunim.com/dashboard:0
[   27304ms] [WARNING] Failed to decode downloaded font: https://gst.themunim.com/static/css/fonts/feather.woff?t=1525787366991 @ https://gst.themunim.com/dashboard:0
[   27304ms] [WARNING] OTS parsing error: invalid sfntVersion: 1008821359 @ https://gst.themunim.com/dashboard:0
[   27304ms] [WARNING] Failed to decode downloaded font: https://gst.themunim.com/static/css/fonts/feather.ttf?t=1525787366991 @ https://gst.themunim.com/dashboard:0
[   27304ms] [WARNING] OTS parsing error: invalid sfntVersion: 1008821359 @ https://gst.themunim.com/dashboard:0
[   27327ms] [WARNING] Failed to decode downloaded font: https://gst.themunim.com/static/css/fonts/feather.woff?t=1525787366991 @ https://gst.themunim.com/dashboard:0
[   27327ms] [WARNING] OTS parsing error: invalid sfntVersion: 1008821359 @ https://gst.themunim.com/dashboard:0
[   27327ms] [WARNING] Failed to decode downloaded font: https://gst.themunim.com/static/css/fonts/feather.ttf?t=1525787366991 @ https://gst.themunim.com/dashboard:0
[   27327ms] [WARNING] OTS parsing error: invalid sfntVersion: 1008821359 @ https://gst.themunim.com/dashboard:0
[   27332ms] [WARNING] Failed to decode downloaded font: https://gst.themunim.com/static/css/fonts/feather.woff?t=1525787366991 @ https://gst.themunim.com/dashboard:0
[   27332ms] [WARNING] OTS parsing error: invalid sfntVersion: 1008821359 @ https://gst.themunim.com/dashboard:0
[   27332ms] [WARNING] Failed to decode downloaded font: https://gst.themunim.com/static/css/fonts/feather.ttf?t=1525787366991 @ https://gst.themunim.com/dashboard:0
[   27332ms] [WARNING] OTS parsing error: invalid sfntVersion: 1008821359 @ https://gst.themunim.com/dashboard:0
[   27513ms] [WARNING] Failed to decode downloaded font: https://gst.themunim.com/static/css/fonts/feather.woff?t=1525787366991 @ https://gst.themunim.com/dashboard:0
[   27513ms] [WARNING] OTS parsing error: invalid sfntVersion: 1008821359 @ https://gst.themunim.com/dashboard:0
[   27513ms] [WARNING] Failed to decode downloaded font: https://gst.themunim.com/static/css/fonts/feather.ttf?t=1525787366991 @ https://gst.themunim.com/dashboard:0
[   27513ms] [WARNING] OTS parsing error: invalid sfntVersion: 1008821359 @ https://gst.themunim.com/dashboard:0
[   27538ms] [WARNING] Failed to decode downloaded font: https://gst.themunim.com/static/css/fonts/feather.woff?t=1525787366991 @ https://gst.themunim.com/dashboard:0
[   27538ms] [WARNING] OTS parsing error: invalid sfntVersion: 1008821359 @ https://gst.themunim.com/dashboard:0
[   27538ms] [WARNING] Failed to decode downloaded font: https://gst.themunim.com/static/css/fonts/feather.ttf?t=1525787366991 @ https://gst.themunim.com/dashboard:0
[   27538ms] [WARNING] OTS parsing error: invalid sfntVersion: 1008821359 @ https://gst.themunim.com/dashboard:0
[   27642ms] [WARNING] Failed to decode downloaded font: https://gst.themunim.com/static/css/fonts/feather.woff?t=1525787366991 @ https://gst.themunim.com/dashboard:0
[   27642ms] [WARNING] OTS parsing error: invalid sfntVersion: 1008821359 @ https://gst.themunim.com/dashboard:0
[   27642ms] [WARNING] Failed to decode downloaded font: https://gst.themunim.com/static/css/fonts/feather.ttf?t=1525787366991 @ https://gst.themunim.com/dashboard:0
[   27642ms] [WARNING] OTS parsing error: invalid sfntVersion: 1008821359 @ https://gst.themunim.com/dashboard:0
[   28534ms] [WARNING] Failed to decode downloaded font: https://gst.themunim.com/static/css/fonts/feather.woff?t=1525787366991 @ https://gst.themunim.com/dashboard:0
[   28534ms] [WARNING] OTS parsing error: invalid sfntVersion: 1008821359 @ https://gst.themunim.com/dashboard:0
[   28534ms] [WARNING] Failed to decode downloaded font: https://gst.themunim.com/static/css/fonts/feather.ttf?t=1525787366991 @ https://gst.themunim.com/dashboard:0
[   28534ms] [WARNING] OTS parsing error: invalid sfntVersion: 1008821359 @ https://gst.themunim.com/dashboard:0
[   31160ms] [WARNING] Failed to decode downloaded font: https://gst.themunim.com/static/css/fonts/feather.woff?t=1525787366991 @ https://gst.themunim.com/static/js/3048.bundle.1776681672725.js:74
[   31160ms] [WARNING] OTS parsing error: invalid sfntVersion: 1008821359 @ https://gst.themunim.com/static/js/3048.bundle.1776681672725.js:74
[   31160ms] [WARNING] Failed to decode downloaded font: https://gst.themunim.com/static/css/fonts/feather.ttf?t=1525787366991 @ https://gst.themunim.com/static/js/3048.bundle.1776681672725.js:74
[   31160ms] [WARNING] OTS parsing error: invalid sfntVersion: 1008821359 @ https://gst.themunim.com/static/js/3048.bundle.1776681672725.js:74
[   31205ms] [WARNING] Failed to decode downloaded font: https://gst.themunim.com/static/css/fonts/feather.woff?t=1525787366991 @ https://gst.themunim.com/static/js/146.bundle.1776681672725.js:0
[   31205ms] [WARNING] OTS parsing error: invalid sfntVersion: 1008821359 @ https://gst.themunim.com/static/js/146.bundle.1776681672725.js:0
[   31205ms] [WARNING] Failed to decode downloaded font: https://gst.themunim.com/static/css/fonts/feather.ttf?t=1525787366991 @ https://gst.themunim.com/static/js/146.bundle.1776681672725.js:0
[   31205ms] [WARNING] OTS parsing error: invalid sfntVersion: 1008821359 @ https://gst.themunim.com/static/js/146.bundle.1776681672725.js:0
[   31263ms] [WARNING] Failed to decode downloaded font: https://gst.themunim.com/static/css/fonts/feather.woff?t=1525787366991 @ https://gst.themunim.com/static/js/146.bundle.1776681672725.js:0
[   31263ms] [WARNING] OTS parsing error: invalid sfntVersion: 1008821359 @ https://gst.themunim.com/static/js/146.bundle.1776681672725.js:0
[   31263ms] [WARNING] Failed to decode downloaded font: https://gst.themunim.com/static/css/fonts/feather.ttf?t=1525787366991 @ https://gst.themunim.com/static/js/146.bundle.1776681672725.js:0
[   31263ms] [WARNING] OTS parsing error: invalid sfntVersion: 1008821359 @ https://gst.themunim.com/static/js/146.bundle.1776681672725.js:0
[   38173ms] [VERBOSE] [DOM] Password field is not contained in a form: (More info: https://goo.gl/9p2vKq) @ https://gst.themunim.com/ims:0
[   38173ms] [VERBOSE] [DOM] Password field is not contained in a form: (More info: https://goo.gl/9p2vKq) %o @ https://gst.themunim.com/ims:0
[ 6107916ms] [ERROR] Tawk.to setAttributes error: INVALID_NAME @ https://gst.themunim.com/static/js/6879.bundle.1776681672725.js:0
[ 6137793ms] Unexpected token '<'
[ 6137845ms] [ERROR] Failed to load resource: the server responded with a status of 404 () @ https://api.themunim.com/api/get-cookie?key=common_data:0
[ 6181036ms] [ERROR] Failed to load resource: the server responded with a status of 404 () @ https://api.themunim.com/api/get-cookie?key=m_d_c:0
[ 6181179ms] [ERROR] Failed to load resource: the server responded with a status of 404 () @ https://gstapi.themunim.com/api/get-organization-list:0
[ 6181246ms] [WARNING] Failed to decode downloaded font: https://gst.themunim.com/static/css/fonts/feather.woff?t=1525787366991 @ https://gst.themunim.com/dashboard:0
[ 6181246ms] [WARNING] OTS parsing error: invalid sfntVersion: 1008821359 @ https://gst.themunim.com/dashboard:0
[ 6181246ms] [WARNING] Failed to decode downloaded font: https://gst.themunim.com/static/css/fonts/feather.woff?t=1525787366991 @ https://gst.themunim.com/dashboard:0
[ 6181246ms] [WARNING] OTS parsing error: invalid sfntVersion: 1008821359 @ https://gst.themunim.com/dashboard:0
[ 6181258ms] [WARNING] Failed to decode downloaded font: https://gst.themunim.com/static/css/fonts/feather.ttf?t=1525787366991 @ https://gst.themunim.com/dashboard:0
[ 6181258ms] [WARNING] OTS parsing error: invalid sfntVersion: 1008821359 @ https://gst.themunim.com/dashboard:0
[ 6181258ms] [WARNING] Failed to decode downloaded font: https://gst.themunim.com/static/css/fonts/feather.ttf?t=1525787366991 @ https://gst.themunim.com/dashboard:0
[ 6181258ms] [WARNING] OTS parsing error: invalid sfntVersion: 1008821359 @ https://gst.themunim.com/dashboard:0
[ 6184631ms] [WARNING] Failed to decode downloaded font: https://gst.themunim.com/static/css/fonts/feather.woff?t=1525787366991 @ https://gst.themunim.com/static/js/3048.bundle.1776681672725.js:74
[ 6184631ms] [WARNING] OTS parsing error: invalid sfntVersion: 1008821359 @ https://gst.themunim.com/static/js/3048.bundle.1776681672725.js:74
[ 6184631ms] [WARNING] Failed to decode downloaded font: https://gst.themunim.com/static/css/fonts/feather.ttf?t=1525787366991 @ https://gst.themunim.com/static/js/3048.bundle.1776681672725.js:74
[ 6184631ms] [WARNING] OTS parsing error: invalid sfntVersion: 1008821359 @ https://gst.themunim.com/static/js/3048.bundle.1776681672725.js:74
[ 6184685ms] [WARNING] Failed to decode downloaded font: https://gst.themunim.com/static/css/fonts/feather.woff?t=1525787366991 @ https://gst.themunim.com/static/js/146.bundle.1776681672725.js:0
[ 6184685ms] [WARNING] OTS parsing error: invalid sfntVersion: 1008821359 @ https://gst.themunim.com/static/js/146.bundle.1776681672725.js:0
[ 6184685ms] [WARNING] Failed to decode downloaded font: https://gst.themunim.com/static/css/fonts/feather.ttf?t=1525787366991 @ https://gst.themunim.com/static/js/146.bundle.1776681672725.js:0
[ 6184685ms] [WARNING] OTS parsing error: invalid sfntVersion: 1008821359 @ https://gst.themunim.com/static/js/146.bundle.1776681672725.js:0
[ 6184820ms] [WARNING] Failed to decode downloaded font: https://gst.themunim.com/static/css/fonts/feather.woff?t=1525787366991 @ https://gst.themunim.com/static/js/146.bundle.1776681672725.js:0
[ 6184820ms] [WARNING] OTS parsing error: invalid sfntVersion: 1008821359 @ https://gst.themunim.com/static/js/146.bundle.1776681672725.js:0
[ 6184820ms] [WARNING] Failed to decode downloaded font: https://gst.themunim.com/static/css/fonts/feather.ttf?t=1525787366991 @ https://gst.themunim.com/static/js/146.bundle.1776681672725.js:0
[ 6184820ms] [WARNING] OTS parsing error: invalid sfntVersion: 1008821359 @ https://gst.themunim.com/static/js/146.bundle.1776681672725.js:0
[ 6184947ms] [ERROR] Tawk.to setAttributes error: INVALID_NAME @ https://gst.themunim.com/static/js/6879.bundle.1776681672725.js:0
[ 6196433ms] [VERBOSE] [DOM] Password field is not contained in a form: (More info: https://goo.gl/9p2vKq) @ https://gst.themunim.com/ims:0
[ 6196433ms] [VERBOSE] [DOM] Password field is not contained in a form: (More info: https://goo.gl/9p2vKq) %o @ https://gst.themunim.com/ims:0
[ 6250165ms] [VERBOSE] [DOM] Password field is not contained in a form: (More info: https://goo.gl/9p2vKq) @ https://gst.themunim.com/ims:0
[ 6250165ms] [VERBOSE] [DOM] Password field is not contained in a form: (More info: https://goo.gl/9p2vKq) %o @ https://gst.themunim.com/ims:0
[ 7632314ms] [ERROR] Tawk.to setAttributes error: INVALID_NAME @ https://gst.themunim.com/static/js/6879.bundle.1776681672725.js:0
[ 7633855ms] [WARNING] Failed to decode downloaded font: https://gst.themunim.com/static/css/fonts/feather.woff?t=1525787366991 @ https://gst.themunim.com/static/js/6879.bundle.1776681672725.js:0
[ 7633855ms] [WARNING] OTS parsing error: invalid sfntVersion: 1008821359 @ https://gst.themunim.com/static/js/6879.bundle.1776681672725.js:0
[ 7633855ms] [WARNING] Failed to decode downloaded font: https://gst.themunim.com/static/css/fonts/feather.ttf?t=1525787366991 @ https://gst.themunim.com/static/js/6879.bundle.1776681672725.js:0
[ 7633855ms] [WARNING] OTS parsing error: invalid sfntVersion: 1008821359 @ https://gst.themunim.com/static/js/6879.bundle.1776681672725.js:0
[ 7633870ms] [WARNING] Failed to decode downloaded font: https://gst.themunim.com/static/css/fonts/feather.woff?t=1525787366991 @ https://gst.themunim.com/gstr-3b/summary-data:0
[ 7633870ms] [WARNING] OTS parsing error: invalid sfntVersion: 1008821359 @ https://gst.themunim.com/gstr-3b/summary-data:0
[ 7633870ms] [WARNING] Failed to decode downloaded font: https://gst.themunim.com/static/css/fonts/feather.ttf?t=1525787366991 @ https://gst.themunim.com/gstr-3b/summary-data:0
[ 7633870ms] [WARNING] OTS parsing error: invalid sfntVersion: 1008821359 @ https://gst.themunim.com/gstr-3b/summary-data:0
[ 7636741ms] [WARNING] Failed to decode downloaded font: https://gst.themunim.com/static/css/fonts/feather.woff?t=1525787366991 @ https://gst.themunim.com/gstr-3b/summary-data:0
[ 7636741ms] [WARNING] OTS parsing error: invalid sfntVersion: 1008821359 @ https://gst.themunim.com/gstr-3b/summary-data:0
[ 7636741ms] [WARNING] Failed to decode downloaded font: https://gst.themunim.com/static/css/fonts/feather.ttf?t=1525787366991 @ https://gst.themunim.com/gstr-3b/summary-data:0
[ 7636741ms] [WARNING] OTS parsing error: invalid sfntVersion: 1008821359 @ https://gst.themunim.com/gstr-3b/summary-data:0
[ 7637770ms] [WARNING] Failed to decode downloaded font: https://gst.themunim.com/static/css/fonts/feather.woff?t=1525787366991 @ https://gst.themunim.com/gstr-3b-filing:0
[ 7637770ms] [WARNING] OTS parsing error: invalid sfntVersion: 1008821359 @ https://gst.themunim.com/gstr-3b-filing:0
[ 7637770ms] [WARNING] Failed to decode downloaded font: https://gst.themunim.com/static/css/fonts/feather.ttf?t=1525787366991 @ https://gst.themunim.com/gstr-3b-filing:0
[ 7637770ms] [WARNING] OTS parsing error: invalid sfntVersion: 1008821359 @ https://gst.themunim.com/gstr-3b-filing:0
[ 7637786ms] [ERROR] Failed to load resource: the server responded with a status of 400 () @ https://gstapi.themunim.com/api/get-authorised_pan?id=L2Z5am8zd2VOQUlZbXlpaytHbXlkL0pTNHRoTXNGTzBZNlVDWSttVzYvTkdzYmx0ZUFXRlpMeXl1UlVPTFcrR3prekozcDlvZ1M0aklMS0JFblJ5bWc9PQ==:0
[ 7639804ms] [ERROR] Failed to load resource: the server responded with a status of 404 () @ https://gstapi.themunim.com/api/get-uploaded-history?id=L2Z5am8zd2VOQUlZbXlpaytHbXlkL0pTNHRoTXNGTzBZNlVDWSttVzYvTkdzYmx0ZUFXRlpMeXl1UlVPTFcrR3prekozcDlvZ1M0aklMS0JFblJ5bWc9PQ==&filing_type=3&select_period=Mar%202026%20(Monthly):0
[ 7669501ms] [WARNING] Failed to decode downloaded font: https://gst.themunim.com/static/css/fonts/feather.woff?t=1525787366991 @ https://gst.themunim.com/static/js/munim.bundle.1776681672725.js:1
[ 7669501ms] [WARNING] OTS parsing error: invalid sfntVersion: 1008821359 @ https://gst.themunim.com/static/js/munim.bundle.1776681672725.js:1
[ 7669501ms] [WARNING] Failed to decode downloaded font: https://gst.themunim.com/static/css/fonts/feather.ttf?t=1525787366991 @ https://gst.themunim.com/static/js/munim.bundle.1776681672725.js:1
[ 7669501ms] [WARNING] OTS parsing error: invalid sfntVersion: 1008821359 @ https://gst.themunim.com/static/js/munim.bundle.1776681672725.js:1
[ 7674362ms] [WARNING] Failed to decode downloaded font: https://gst.themunim.com/static/css/fonts/feather.woff?t=1525787366991 @ https://gst.themunim.com/static/js/6879.bundle.1776681672725.js:0
[ 7674363ms] [WARNING] OTS parsing error: invalid sfntVersion: 1008821359 @ https://gst.themunim.com/static/js/6879.bundle.1776681672725.js:0
[ 7674363ms] [WARNING] Failed to decode downloaded font: https://gst.themunim.com/static/css/fonts/feather.ttf?t=1525787366991 @ https://gst.themunim.com/static/js/6879.bundle.1776681672725.js:0
[ 7674363ms] [WARNING] OTS parsing error: invalid sfntVersion: 1008821359 @ https://gst.themunim.com/static/js/6879.bundle.1776681672725.js:0
[ 7678607ms] [WARNING] Failed to decode downloaded font: https://gst.themunim.com/static/css/fonts/feather.woff?t=1525787366991 @ https://gst.themunim.com/static/js/munim.bundle.1776681672725.js:1
[ 7678607ms] [WARNING] OTS parsing error: invalid sfntVersion: 1008821359 @ https://gst.themunim.com/static/js/munim.bundle.1776681672725.js:1
[ 7678607ms] [WARNING] Failed to decode downloaded font: https://gst.themunim.com/static/css/fonts/feather.ttf?t=1525787366991 @ https://gst.themunim.com/static/js/munim.bundle.1776681672725.js:1
[ 7678607ms] [WARNING] OTS parsing error: invalid sfntVersion: 1008821359 @ https://gst.themunim.com/static/js/munim.bundle.1776681672725.js:1
[ 7682940ms] [WARNING] Failed to decode downloaded font: https://gst.themunim.com/static/css/fonts/feather.woff?t=1525787366991 @ https://gst.themunim.com/static/js/6879.bundle.1776681672725.js:0
[ 7682940ms] [WARNING] OTS parsing error: invalid sfntVersion: 1008821359 @ https://gst.themunim.com/static/js/6879.bundle.1776681672725.js:0
[ 7682940ms] [WARNING] Failed to decode downloaded font: https://gst.themunim.com/static/css/fonts/feather.ttf?t=1525787366991 @ https://gst.themunim.com/static/js/6879.bundle.1776681672725.js:0
[ 7682940ms] [WARNING] OTS parsing error: invalid sfntVersion: 1008821359 @ https://gst.themunim.com/static/js/6879.bundle.1776681672725.js:0
[ 8115796ms] [WARNING] Failed to decode downloaded font: https://gst.themunim.com/static/css/fonts/feather.woff?t=1525787366991 @ https://gst.themunim.com/static/js/munim.bundle.1776681672725.js:1
[ 8115796ms] [WARNING] OTS parsing error: invalid sfntVersion: 1008821359 @ https://gst.themunim.com/static/js/munim.bundle.1776681672725.js:1
[ 8115796ms] [WARNING] Failed to decode downloaded font: https://gst.themunim.com/static/css/fonts/feather.ttf?t=1525787366991 @ https://gst.themunim.com/static/js/munim.bundle.1776681672725.js:1
[ 8115796ms] [WARNING] OTS parsing error: invalid sfntVersion: 1008821359 @ https://gst.themunim.com/static/js/munim.bundle.1776681672725.js:1
