[    5232ms] [LOG] MIXPANEL PEOPLE REQUEST (QUEUED, PENDING IDENTIFY): @ https://taxone.vyapar.com/app/static/js/main.20ce94a0.js:1
[    5232ms] [LOG] {$set_once: Object, $token: 0fdd7e71716cd0f982dba2923a76e933, $distinct_id: $device:77fdeaf0-3b71-4846-aacb-b37952c4cc90, $device_id: 77fdeaf0-3b71-4846-aacb-b37952c4cc90} @ https://taxone.vyapar.com/app/static/js/main.20ce94a0.js:1
[    5258ms] [ERROR] Failed to load resource: the server responded with a status of 404 () @ https://taxone.vyapar.com/audio.wav:0
[    5355ms] [VERBOSE] [DOM] Input elements should have autocomplete attributes (suggested: "current-password"): (More info: https://goo.gl/9p2vKq) %o @ https://taxone.vyapar.com/app/signIn:0
[    5367ms] Uncaught (in promise) Error: Can only be used on: https://in.suvit.io
    at <anonymous> (https://cdn.onesignal.com/sdks/web/v16/OneSignalSDK.page.es6.js?v=160603:0:18311)
    at <anonymous> (https://cdn.onesignal.com/sdks/web/v16/OneSignalSDK.page.es6.js?v=160603:0:18373)
[   27027ms] [LOG] MIXPANEL REQUEST: @ https://taxone.vyapar.com/app/static/js/main.20ce94a0.js:1
[   27027ms] [LOG] {event: User Properties Set, properties: Object} @ https://taxone.vyapar.com/app/static/js/main.20ce94a0.js:1
[   27028ms] [LOG] MIXPANEL REQUEST: @ https://taxone.vyapar.com/app/static/js/main.20ce94a0.js:1
[   27028ms] [LOG] {event: Successful login, properties: Object} @ https://taxone.vyapar.com/app/static/js/main.20ce94a0.js:1
[   27736ms] [LOG] All caches deleted @ https://taxone.vyapar.com/app/static/js/main.20ce94a0.js:1
[   27765ms] [WARNING] Usetiful: UserId set with delay. Retrying loading from API (attempt 1/5) in 10ms. @ https://www.usetiful.com/dist/usetiful.js:0
[   27772ms] [LOG] MIXPANEL REQUEST: @ https://taxone.vyapar.com/app/static/js/main.20ce94a0.js:1
[   27772ms] [LOG] {event: Company Context Set, properties: Object} @ https://taxone.vyapar.com/app/static/js/main.20ce94a0.js:1
[   28362ms] [LOG] MIXPANEL REQUEST: @ https://taxone.vyapar.com/app/static/js/main.20ce94a0.js:1
[   28362ms] [LOG] {event: Company Context Set, properties: Object} @ https://taxone.vyapar.com/app/static/js/main.20ce94a0.js:1
[   29398ms] [LOG] MIXPANEL REQUEST: @ https://taxone.vyapar.com/app/static/js/main.20ce94a0.js:1
[   29398ms] [LOG] {event: User Properties Set, properties: Object} @ https://taxone.vyapar.com/app/static/js/main.20ce94a0.js:1
[   29494ms] [LOG] [batch] MIXPANEL REQUEST: [Object] @ https://taxone.vyapar.com/app/static/js/main.20ce94a0.js:1
[   29705ms] [LOG] MIXPANEL PEOPLE REQUEST (QUEUED, PENDING IDENTIFY): @ https://taxone.vyapar.com/app/static/js/main.20ce94a0.js:1
[   29705ms] [LOG] {$set_once: Object, $token: 0fdd7e71716cd0f982dba2923a76e933, $distinct_id: OzUq4dgZIXyzz2G9, $device_id: 77fdeaf0-3b71-4846-aacb-b37952c4cc90, $user_id: OzUq4dgZIXyzz2G9} @ https://taxone.vyapar.com/app/static/js/main.20ce94a0.js:1
[   29737ms] [ERROR] Failed to load resource: the server responded with a status of 404 () @ https://taxone.vyapar.com/audio.wav:0
[   29787ms] [LOG] MIXPANEL REQUEST: @ https://taxone.vyapar.com/app/static/js/main.20ce94a0.js:1
[   29787ms] [LOG] {event: Company Context Set, properties: Object} @ https://taxone.vyapar.com/app/static/js/main.20ce94a0.js:1
[   29846ms] Uncaught (in promise) Error: Can only be used on: https://in.suvit.io
    at <anonymous> (https://cdn.onesignal.com/sdks/web/v16/OneSignalSDK.page.es6.js?v=160603:0:18311)
    at <anonymous> (https://cdn.onesignal.com/sdks/web/v16/OneSignalSDK.page.es6.js?v=160603:0:18373)
[   30066ms] [LOG] MIXPANEL REQUEST: @ https://taxone.vyapar.com/app/static/js/main.20ce94a0.js:1
[   30066ms] [LOG] {event: Company Context Set, properties: Object} @ https://taxone.vyapar.com/app/static/js/main.20ce94a0.js:1
[   30381ms] [ERROR] Failed to load resource: the server responded with a status of 400 () @ https://newback.suvit.io/user/salesOcr/getPairs:0
[   31120ms] [LOG] MIXPANEL REQUEST: @ https://taxone.vyapar.com/app/static/js/main.20ce94a0.js:1
[   31121ms] [LOG] {event: User Properties Set, properties: Object} @ https://taxone.vyapar.com/app/static/js/main.20ce94a0.js:1
[   34735ms] [LOG] [batch] MIXPANEL REQUEST: [Object, Object, Object, Object, Object, Object] @ https://taxone.vyapar.com/app/static/js/main.20ce94a0.js:1
[   34737ms] [LOG] [batch] MIXPANEL REQUEST: [Object, Object] @ https://taxone.vyapar.com/app/static/js/main.20ce94a0.js:1
[   36059ms] [LOG] MIXPANEL REQUEST: @ https://taxone.vyapar.com/app/static/js/main.20ce94a0.js:1
[   36059ms] [LOG] {event: Opened Pop-up, properties: Object} @ https://taxone.vyapar.com/app/static/js/main.20ce94a0.js:1
[   39735ms] [LOG] [batch] MIXPANEL REQUEST: [Object] @ https://taxone.vyapar.com/app/static/js/main.20ce94a0.js:1
[   39835ms] [LOG] [batch] MIXPANEL REQUEST: [Object, Object, Object, Object, Object, Object, Object] @ https://taxone.vyapar.com/app/static/js/main.20ce94a0.js:1
[   39861ms] [LOG] [batch] MIXPANEL REQUEST: [Object, Object] @ https://taxone.vyapar.com/app/static/js/main.20ce94a0.js:1
[ 1201228ms] [LOG] MIXPANEL REQUEST: @ https://taxone.vyapar.com/app/static/js/main.20ce94a0.js:1
[ 1201228ms] [LOG] {event: Closed Pop-up, properties: Object} @ https://taxone.vyapar.com/app/static/js/main.20ce94a0.js:1
[ 1203313ms] [LOG] MIXPANEL REQUEST: @ https://taxone.vyapar.com/app/static/js/main.20ce94a0.js:1
[ 1203313ms] [LOG] {event: Opened Pop-up, properties: Object} @ https://taxone.vyapar.com/app/static/js/main.20ce94a0.js:1
[ 1205730ms] [LOG] MIXPANEL REQUEST: @ https://taxone.vyapar.com/app/static/js/main.20ce94a0.js:1
[ 1205730ms] [LOG] {event: Closed Pop-up, properties: Object} @ https://taxone.vyapar.com/app/static/js/main.20ce94a0.js:1
[ 1206671ms] [LOG] MIXPANEL PEOPLE REQUEST (QUEUED, PENDING IDENTIFY): @ https://taxone.vyapar.com/app/static/js/main.20ce94a0.js:1
[ 1206672ms] [LOG] {$set_once: Object, $token: 0fdd7e71716cd0f982dba2923a76e933, $distinct_id: OzUq4dgZIXyzz2G9, $device_id: 77fdeaf0-3b71-4846-aacb-b37952c4cc90, $user_id: OzUq4dgZIXyzz2G9} @ https://taxone.vyapar.com/app/static/js/main.20ce94a0.js:1
[ 1206700ms] [ERROR] Failed to load resource: the server responded with a status of 404 () @ https://taxone.vyapar.com/audio.wav:0
[ 1206753ms] [LOG] MIXPANEL REQUEST: @ https://taxone.vyapar.com/app/static/js/main.20ce94a0.js:1
[ 1206753ms] [LOG] {event: Company Context Set, properties: Object} @ https://taxone.vyapar.com/app/static/js/main.20ce94a0.js:1
[ 1206760ms] Uncaught (in promise) Error: Can only be used on: https://in.suvit.io
    at <anonymous> (https://cdn.onesignal.com/sdks/web/v16/OneSignalSDK.page.es6.js?v=160603:0:18311)
    at <anonymous> (https://cdn.onesignal.com/sdks/web/v16/OneSignalSDK.page.es6.js?v=160603:0:18373)
[ 1207163ms] [LOG] MIXPANEL REQUEST: @ https://taxone.vyapar.com/app/static/js/main.20ce94a0.js:1
[ 1207163ms] [LOG] {event: Company Context Set, properties: Object} @ https://taxone.vyapar.com/app/static/js/main.20ce94a0.js:1
[ 1207480ms] [ERROR] Failed to load resource: the server responded with a status of 400 () @ https://newback.suvit.io/user/salesOcr/getPairs:0
[ 1208221ms] [LOG] MIXPANEL REQUEST: @ https://taxone.vyapar.com/app/static/js/main.20ce94a0.js:1
[ 1208221ms] [LOG] {event: User Properties Set, properties: Object} @ https://taxone.vyapar.com/app/static/js/main.20ce94a0.js:1
[ 1210351ms] [LOG] MIXPANEL REQUEST: @ https://taxone.vyapar.com/app/static/js/main.20ce94a0.js:1
[ 1210351ms] [LOG] {event: Opened Pop-up, properties: Object} @ https://taxone.vyapar.com/app/static/js/main.20ce94a0.js:1
[ 1211700ms] [LOG] [batch] MIXPANEL REQUEST: [Object, Object, Object, Object, Object, Object] @ https://taxone.vyapar.com/app/static/js/main.20ce94a0.js:1
[ 1211701ms] [LOG] [batch] MIXPANEL REQUEST: [Object, Object] @ https://taxone.vyapar.com/app/static/js/main.20ce94a0.js:1
[ 1215489ms] [LOG] MIXPANEL REQUEST: @ https://taxone.vyapar.com/app/static/js/main.20ce94a0.js:1
[ 1215490ms] [LOG] {event: Closed Pop-up, properties: Object} @ https://taxone.vyapar.com/app/static/js/main.20ce94a0.js:1
[ 1217198ms] [LOG] MIXPANEL PEOPLE REQUEST (QUEUED, PENDING IDENTIFY): @ https://taxone.vyapar.com/app/static/js/main.20ce94a0.js:1
[ 1217198ms] [LOG] {$set_once: Object, $token: 0fdd7e71716cd0f982dba2923a76e933, $distinct_id: OzUq4dgZIXyzz2G9, $device_id: 77fdeaf0-3b71-4846-aacb-b37952c4cc90, $user_id: OzUq4dgZIXyzz2G9} @ https://taxone.vyapar.com/app/static/js/main.20ce94a0.js:1
[ 1217223ms] [ERROR] Failed to load resource: the server responded with a status of 404 () @ https://taxone.vyapar.com/audio.wav:0
[ 1217273ms] [LOG] MIXPANEL REQUEST: @ https://taxone.vyapar.com/app/static/js/main.20ce94a0.js:1
[ 1217273ms] [LOG] {event: Company Context Set, properties: Object} @ https://taxone.vyapar.com/app/static/js/main.20ce94a0.js:1
[ 1217328ms] Uncaught (in promise) Error: Can only be used on: https://in.suvit.io
    at <anonymous> (https://cdn.onesignal.com/sdks/web/v16/OneSignalSDK.page.es6.js?v=160603:0:18311)
    at <anonymous> (https://cdn.onesignal.com/sdks/web/v16/OneSignalSDK.page.es6.js?v=160603:0:18373)
[ 1217622ms] [LOG] MIXPANEL REQUEST: @ https://taxone.vyapar.com/app/static/js/main.20ce94a0.js:1
[ 1217622ms] [LOG] {event: Company Context Set, properties: Object} @ https://taxone.vyapar.com/app/static/js/main.20ce94a0.js:1
[ 1218656ms] [LOG] MIXPANEL REQUEST: @ https://taxone.vyapar.com/app/static/js/main.20ce94a0.js:1
[ 1218656ms] [LOG] {event: User Properties Set, properties: Object} @ https://taxone.vyapar.com/app/static/js/main.20ce94a0.js:1
[ 1219254ms] [LOG] MIXPANEL REQUEST: @ https://taxone.vyapar.com/app/static/js/main.20ce94a0.js:1
[ 1219254ms] [LOG] {event: Clicked Data Entry Automation Icon, properties: Object} @ https://taxone.vyapar.com/app/static/js/main.20ce94a0.js:1
[ 1220421ms] [LOG] MIXPANEL REQUEST: @ https://taxone.vyapar.com/app/static/js/main.20ce94a0.js:1
[ 1220422ms] [LOG] {event: User Properties Set, properties: Object} @ https://taxone.vyapar.com/app/static/js/main.20ce94a0.js:1
[ 1222074ms] [LOG] MIXPANEL REQUEST: @ https://taxone.vyapar.com/app/static/js/main.20ce94a0.js:1
[ 1222074ms] [LOG] {event: Clicked and Opened Transsactions Screen in Dashboard, properties: Object} @ https://taxone.vyapar.com/app/static/js/main.20ce94a0.js:1
[ 1222222ms] [LOG] [batch] MIXPANEL REQUEST: [Object, Object, Object, Object, Object, Object, Object] @ https://taxone.vyapar.com/app/static/js/main.20ce94a0.js:1
[ 1222223ms] [LOG] [batch] MIXPANEL REQUEST: [Object, Object] @ https://taxone.vyapar.com/app/static/js/main.20ce94a0.js:1
[ 1223443ms] [WARNING] The specified value "NaN" cannot be parsed, or is out of range. @ https://taxone.vyapar.com/app/static/js/main.20ce94a0.js:1
[ 1223444ms] [WARNING] The specified value "NaN" cannot be parsed, or is out of range. @ https://taxone.vyapar.com/app/static/js/main.20ce94a0.js:1
[ 1223444ms] [WARNING] The specified value "NaN" cannot be parsed, or is out of range. @ https://taxone.vyapar.com/app/static/js/main.20ce94a0.js:1
[ 1223444ms] [WARNING] The specified value "NaN" cannot be parsed, or is out of range. @ https://taxone.vyapar.com/app/static/js/main.20ce94a0.js:1
[ 1223450ms] [WARNING] The specified value "NaN" cannot be parsed, or is out of range. @ https://taxone.vyapar.com/app/static/js/main.20ce94a0.js:1
[ 1223451ms] [WARNING] The specified value "NaN" cannot be parsed, or is out of range. @ https://taxone.vyapar.com/app/static/js/main.20ce94a0.js:1
[ 1223619ms] [WARNING] The specified value "NaN" cannot be parsed, or is out of range. @ https://taxone.vyapar.com/app/static/js/main.20ce94a0.js:1
[ 1223619ms] [WARNING] The specified value "NaN" cannot be parsed, or is out of range. @ https://taxone.vyapar.com/app/static/js/main.20ce94a0.js:1
[ 1224504ms] [WARNING] The specified value "NaN" cannot be parsed, or is out of range. @ https://taxone.vyapar.com/app/static/js/main.20ce94a0.js:1
[ 1224504ms] [WARNING] The specified value "NaN" cannot be parsed, or is out of range. @ https://taxone.vyapar.com/app/static/js/main.20ce94a0.js:1
[ 1224515ms] [WARNING] The specified value "NaN" cannot be parsed, or is out of range. @ https://taxone.vyapar.com/app/static/js/main.20ce94a0.js:1
[ 1224515ms] [WARNING] The specified value "NaN" cannot be parsed, or is out of range. @ https://taxone.vyapar.com/app/static/js/main.20ce94a0.js:1
[ 1224530ms] [WARNING] The specified value "NaN" cannot be parsed, or is out of range. @ https://taxone.vyapar.com/app/static/js/main.20ce94a0.js:1
[ 1224530ms] [WARNING] The specified value "NaN" cannot be parsed, or is out of range. @ https://taxone.vyapar.com/app/static/js/main.20ce94a0.js:1
[ 1224540ms] [WARNING] The specified value "NaN" cannot be parsed, or is out of range. @ https://taxone.vyapar.com/app/static/js/main.20ce94a0.js:1
[ 1224540ms] [WARNING] The specified value "NaN" cannot be parsed, or is out of range. @ https://taxone.vyapar.com/app/static/js/main.20ce94a0.js:1
[ 1224582ms] [WARNING] The specified value "NaN" cannot be parsed, or is out of range. @ https://taxone.vyapar.com/app/static/js/main.20ce94a0.js:1
[ 1224582ms] [WARNING] The specified value "NaN" cannot be parsed, or is out of range. @ https://taxone.vyapar.com/app/static/js/main.20ce94a0.js:1
[ 1230158ms] [WARNING] The specified value "NaN" cannot be parsed, or is out of range. @ https://taxone.vyapar.com/app/static/js/main.20ce94a0.js:1
[ 1230159ms] [WARNING] The specified value "NaN" cannot be parsed, or is out of range. @ https://taxone.vyapar.com/app/static/js/main.20ce94a0.js:1
[ 1230168ms] [LOG] MIXPANEL REQUEST: @ https://taxone.vyapar.com/app/static/js/main.20ce94a0.js:1
[ 1230168ms] [LOG] {event: Opened Pop-up, properties: Object} @ https://taxone.vyapar.com/app/static/js/main.20ce94a0.js:1
[ 1230237ms] [WARNING] The specified value "NaN" cannot be parsed, or is out of range. @ https://taxone.vyapar.com/app/static/js/main.20ce94a0.js:1
[ 1230238ms] [WARNING] The specified value "NaN" cannot be parsed, or is out of range. @ https://taxone.vyapar.com/app/static/js/main.20ce94a0.js:1
[ 1815058ms] [LOG] MIXPANEL REQUEST: @ https://taxone.vyapar.com/app/static/js/main.20ce94a0.js:1
[ 1815058ms] [LOG] {event: Closed Pop-up, properties: Object} @ https://taxone.vyapar.com/app/static/js/main.20ce94a0.js:1
[ 1815080ms] [WARNING] The specified value "NaN" cannot be parsed, or is out of range. @ https://taxone.vyapar.com/app/static/js/main.20ce94a0.js:1
[ 1815081ms] [WARNING] The specified value "NaN" cannot be parsed, or is out of range. @ https://taxone.vyapar.com/app/static/js/main.20ce94a0.js:1
[ 1816000ms] [WARNING] The specified value "NaN" cannot be parsed, or is out of range. @ https://taxone.vyapar.com/app/static/js/main.20ce94a0.js:1
[ 1816001ms] [WARNING] The specified value "NaN" cannot be parsed, or is out of range. @ https://taxone.vyapar.com/app/static/js/main.20ce94a0.js:1
[ 1816005ms] [LOG] MIXPANEL REQUEST: @ https://taxone.vyapar.com/app/static/js/main.20ce94a0.js:1
[ 1816005ms] [LOG] {event: Opened Pop-up, properties: Object} @ https://taxone.vyapar.com/app/static/js/main.20ce94a0.js:1
[ 1838699ms] [LOG] MIXPANEL REQUEST: @ https://taxone.vyapar.com/app/static/js/main.20ce94a0.js:1
[ 1838699ms] [LOG] {event: Closed Pop-up, properties: Object} @ https://taxone.vyapar.com/app/static/js/main.20ce94a0.js:1
[ 1838724ms] [WARNING] The specified value "NaN" cannot be parsed, or is out of range. @ https://taxone.vyapar.com/app/static/js/main.20ce94a0.js:1
[ 1838725ms] [WARNING] The specified value "NaN" cannot be parsed, or is out of range. @ https://taxone.vyapar.com/app/static/js/main.20ce94a0.js:1
[ 1880928ms] [WARNING] The specified value "NaN" cannot be parsed, or is out of range. @ https://taxone.vyapar.com/app/static/js/main.20ce94a0.js:1
[ 1880928ms] [WARNING] The specified value "NaN" cannot be parsed, or is out of range. @ https://taxone.vyapar.com/app/static/js/main.20ce94a0.js:1
[ 1880933ms] [LOG] MIXPANEL REQUEST: @ https://taxone.vyapar.com/app/static/js/main.20ce94a0.js:1
[ 1880933ms] [LOG] {event: Opened Pop-up, properties: Object} @ https://taxone.vyapar.com/app/static/js/main.20ce94a0.js:1
[ 3509904ms] [LOG] MIXPANEL REQUEST: @ https://taxone.vyapar.com/app/static/js/main.20ce94a0.js:1
[ 3509904ms] [LOG] {event: Closed Pop-up, properties: Object} @ https://taxone.vyapar.com/app/static/js/main.20ce94a0.js:1
[ 3509920ms] [WARNING] The specified value "NaN" cannot be parsed, or is out of range. @ https://taxone.vyapar.com/app/static/js/main.20ce94a0.js:1
[ 3509920ms] [WARNING] The specified value "NaN" cannot be parsed, or is out of range. @ https://taxone.vyapar.com/app/static/js/main.20ce94a0.js:1
[ 3513065ms] [LOG] MIXPANEL REQUEST: @ https://taxone.vyapar.com/app/static/js/main.20ce94a0.js:1
[ 3513065ms] [LOG] {event: Clicked and Opened Transsactions Screen in Dashboard, properties: Object} @ https://taxone.vyapar.com/app/static/js/main.20ce94a0.js:1
[ 3515466ms] [LOG] MIXPANEL REQUEST: @ https://taxone.vyapar.com/app/static/js/main.20ce94a0.js:1
[ 3515466ms] [LOG] {event: Clicked Module in Bulk Upload, properties: Object} @ https://taxone.vyapar.com/app/static/js/main.20ce94a0.js:1
[ 3515466ms] [LOG] MIXPANEL REQUEST: @ https://taxone.vyapar.com/app/static/js/main.20ce94a0.js:1
[ 3515466ms] [LOG] {event: Opened Bulk Upload Screen, properties: Object} @ https://taxone.vyapar.com/app/static/js/main.20ce94a0.js:1
[ 3515588ms] [LOG] MIXPANEL REQUEST: @ https://taxone.vyapar.com/app/static/js/main.20ce94a0.js:1
[ 3515588ms] [LOG] {event: Bank Statement Processed Success, properties: Object} @ https://taxone.vyapar.com/app/static/js/main.20ce94a0.js:1
[11115810ms] [LOG] MIXPANEL REQUEST: @ https://taxone.vyapar.com/app/static/js/main.20ce94a0.js:1
[11115810ms] [LOG] {event: Clicked and Opened Transsactions Screen in Dashboard, properties: Object} @ https://taxone.vyapar.com/app/static/js/main.20ce94a0.js:1
[11117184ms] [WARNING] The specified value "NaN" cannot be parsed, or is out of range. @ https://taxone.vyapar.com/app/static/js/main.20ce94a0.js:1
[11117184ms] [WARNING] The specified value "NaN" cannot be parsed, or is out of range. @ https://taxone.vyapar.com/app/static/js/main.20ce94a0.js:1
[11117185ms] [WARNING] The specified value "NaN" cannot be parsed, or is out of range. @ https://taxone.vyapar.com/app/static/js/main.20ce94a0.js:1
[11117185ms] [WARNING] The specified value "NaN" cannot be parsed, or is out of range. @ https://taxone.vyapar.com/app/static/js/main.20ce94a0.js:1
[11117190ms] [WARNING] The specified value "NaN" cannot be parsed, or is out of range. @ https://taxone.vyapar.com/app/static/js/main.20ce94a0.js:1
[11117191ms] [WARNING] The specified value "NaN" cannot be parsed, or is out of range. @ https://taxone.vyapar.com/app/static/js/main.20ce94a0.js:1
[11117363ms] [WARNING] The specified value "NaN" cannot be parsed, or is out of range. @ https://taxone.vyapar.com/app/static/js/main.20ce94a0.js:1
[11117363ms] [WARNING] The specified value "NaN" cannot be parsed, or is out of range. @ https://taxone.vyapar.com/app/static/js/main.20ce94a0.js:1
[11118182ms] [WARNING] The specified value "NaN" cannot be parsed, or is out of range. @ https://taxone.vyapar.com/app/static/js/main.20ce94a0.js:1
[11118183ms] [WARNING] The specified value "NaN" cannot be parsed, or is out of range. @ https://taxone.vyapar.com/app/static/js/main.20ce94a0.js:1
[11118206ms] [WARNING] The specified value "NaN" cannot be parsed, or is out of range. @ https://taxone.vyapar.com/app/static/js/main.20ce94a0.js:1
[11118206ms] [WARNING] The specified value "NaN" cannot be parsed, or is out of range. @ https://taxone.vyapar.com/app/static/js/main.20ce94a0.js:1
[11118218ms] [WARNING] The specified value "NaN" cannot be parsed, or is out of range. @ https://taxone.vyapar.com/app/static/js/main.20ce94a0.js:1
[11118219ms] [WARNING] The specified value "NaN" cannot be parsed, or is out of range. @ https://taxone.vyapar.com/app/static/js/main.20ce94a0.js:1
[11118252ms] [WARNING] The specified value "NaN" cannot be parsed, or is out of range. @ https://taxone.vyapar.com/app/static/js/main.20ce94a0.js:1
[11118253ms] [WARNING] The specified value "NaN" cannot be parsed, or is out of range. @ https://taxone.vyapar.com/app/static/js/main.20ce94a0.js:1
[11119348ms] [WARNING] The specified value "NaN" cannot be parsed, or is out of range. @ https://taxone.vyapar.com/app/static/js/main.20ce94a0.js:1
[11119348ms] [WARNING] The specified value "NaN" cannot be parsed, or is out of range. @ https://taxone.vyapar.com/app/static/js/main.20ce94a0.js:1
[11119355ms] [LOG] MIXPANEL REQUEST: @ https://taxone.vyapar.com/app/static/js/main.20ce94a0.js:1
[11119355ms] [LOG] {event: Opened Pop-up, properties: Object} @ https://taxone.vyapar.com/app/static/js/main.20ce94a0.js:1
[11119408ms] [WARNING] The specified value "NaN" cannot be parsed, or is out of range. @ https://taxone.vyapar.com/app/static/js/main.20ce94a0.js:1
[11119408ms] [WARNING] The specified value "NaN" cannot be parsed, or is out of range. @ https://taxone.vyapar.com/app/static/js/main.20ce94a0.js:1
[11122298ms] [LOG] MIXPANEL REQUEST: @ https://taxone.vyapar.com/app/static/js/main.20ce94a0.js:1
[11122299ms] [LOG] {event: Closed Pop-up, properties: Object} @ https://taxone.vyapar.com/app/static/js/main.20ce94a0.js:1
[11122321ms] [WARNING] The specified value "NaN" cannot be parsed, or is out of range. @ https://taxone.vyapar.com/app/static/js/main.20ce94a0.js:1
[11122321ms] [WARNING] The specified value "NaN" cannot be parsed, or is out of range. @ https://taxone.vyapar.com/app/static/js/main.20ce94a0.js:1
[11123671ms] [WARNING] The specified value "NaN" cannot be parsed, or is out of range. @ https://taxone.vyapar.com/app/static/js/main.20ce94a0.js:1
[11123672ms] [WARNING] The specified value "NaN" cannot be parsed, or is out of range. @ https://taxone.vyapar.com/app/static/js/main.20ce94a0.js:1
[11123683ms] [LOG] MIXPANEL REQUEST: @ https://taxone.vyapar.com/app/static/js/main.20ce94a0.js:1
[11123683ms] [LOG] {event: Opened Pop-up, properties: Object} @ https://taxone.vyapar.com/app/static/js/main.20ce94a0.js:1
[11125642ms] [LOG] MIXPANEL REQUEST: @ https://taxone.vyapar.com/app/static/js/main.20ce94a0.js:1
[11125642ms] [LOG] {event: Closed Pop-up, properties: Object} @ https://taxone.vyapar.com/app/static/js/main.20ce94a0.js:1
[11125665ms] [WARNING] The specified value "NaN" cannot be parsed, or is out of range. @ https://taxone.vyapar.com/app/static/js/main.20ce94a0.js:1
[11125665ms] [WARNING] The specified value "NaN" cannot be parsed, or is out of range. @ https://taxone.vyapar.com/app/static/js/main.20ce94a0.js:1
