[    2152ms] [LOG] MIXPANEL PEOPLE REQUEST (QUEUED, PENDING IDENTIFY): @ https://taxone.vyapar.com/app/static/js/main.b8aacf6e.js:1
[    2152ms] [LOG] {$set_once: Object, $token: 0fdd7e71716cd0f982dba2923a76e933, $distinct_id: $device:0fa0d935-cb87-4aaa-9aa3-e15825f2244a, $device_id: 0fa0d935-cb87-4aaa-9aa3-e15825f2244a} @ https://taxone.vyapar.com/app/static/js/main.b8aacf6e.js:1
[    2249ms] Uncaught (in promise) Error: Can only be used on: https://in.suvit.io
    at <anonymous> (https://cdn.onesignal.com/sdks/web/v16/OneSignalSDK.page.es6.js?v=160603:0:18311)
    at <anonymous> (https://cdn.onesignal.com/sdks/web/v16/OneSignalSDK.page.es6.js?v=160603:0:18373)
[    2277ms] [VERBOSE] [DOM] Input elements should have autocomplete attributes (suggested: "current-password"): (More info: https://goo.gl/9p2vKq) %o @ https://taxone.vyapar.com/app/signIn:0
[   14005ms] [LOG] MIXPANEL REQUEST: @ https://taxone.vyapar.com/app/static/js/main.b8aacf6e.js:1
[   14005ms] [LOG] {event: User Properties Set, properties: Object} @ https://taxone.vyapar.com/app/static/js/main.b8aacf6e.js:1
[   14006ms] [LOG] MIXPANEL REQUEST: @ https://taxone.vyapar.com/app/static/js/main.b8aacf6e.js:1
[   14007ms] [LOG] {event: Successful login, properties: Object} @ https://taxone.vyapar.com/app/static/js/main.b8aacf6e.js:1
[   14710ms] [LOG] All caches deleted @ https://taxone.vyapar.com/app/static/js/main.b8aacf6e.js:1
[   14732ms] [WARNING] Usetiful: UserId set with delay. Retrying loading from API (attempt 1/5) in 10ms. @ https://www.usetiful.com/dist/usetiful.js:0
[   14740ms] [LOG] MIXPANEL REQUEST: @ https://taxone.vyapar.com/app/static/js/main.b8aacf6e.js:1
[   14740ms] [LOG] {event: Company Context Set, properties: Object} @ https://taxone.vyapar.com/app/static/js/main.b8aacf6e.js:1
[   15113ms] [LOG] MIXPANEL REQUEST: @ https://taxone.vyapar.com/app/static/js/main.b8aacf6e.js:1
[   15113ms] [LOG] {event: Company Context Set, properties: Object} @ https://taxone.vyapar.com/app/static/js/main.b8aacf6e.js:1
[   16143ms] [LOG] MIXPANEL REQUEST: @ https://taxone.vyapar.com/app/static/js/main.b8aacf6e.js:1
[   16143ms] [LOG] {event: User Properties Set, properties: Object} @ https://taxone.vyapar.com/app/static/js/main.b8aacf6e.js:1
[   17158ms] [LOG] [batch] MIXPANEL REQUEST: [Object] @ https://taxone.vyapar.com/app/static/js/main.b8aacf6e.js:1
[   17160ms] [LOG] [batch] MIXPANEL REQUEST: [Object, Object, Object, Object, Object, Object, Object] @ https://taxone.vyapar.com/app/static/js/main.b8aacf6e.js:1
[   17161ms] [LOG] [batch] MIXPANEL REQUEST: [Object, Object] @ https://taxone.vyapar.com/app/static/js/main.b8aacf6e.js:1
[   20703ms] [LOG] MIXPANEL REQUEST: @ https://taxone.vyapar.com/app/static/js/main.b8aacf6e.js:1
[   20703ms] [LOG] {event: Clicked Data Entry Automation Icon, properties: Object} @ https://taxone.vyapar.com/app/static/js/main.b8aacf6e.js:1
[   21858ms] [LOG] MIXPANEL REQUEST: @ https://taxone.vyapar.com/app/static/js/main.b8aacf6e.js:1
[   21858ms] [LOG] {event: User Properties Set, properties: Object} @ https://taxone.vyapar.com/app/static/js/main.b8aacf6e.js:1
[   22248ms] [LOG] [batch] MIXPANEL REQUEST: [Object] @ https://taxone.vyapar.com/app/static/js/main.b8aacf6e.js:1
[   23008ms] [LOG] MIXPANEL REQUEST: @ https://taxone.vyapar.com/app/static/js/main.b8aacf6e.js:1
[   23008ms] [LOG] {event: Clicked and Opened Transsactions Screen in Dashboard, properties: Object} @ https://taxone.vyapar.com/app/static/js/main.b8aacf6e.js:1
[   24309ms] [WARNING] The specified value "NaN" cannot be parsed, or is out of range. @ https://taxone.vyapar.com/app/static/js/main.b8aacf6e.js:1
[   24310ms] [WARNING] The specified value "NaN" cannot be parsed, or is out of range. @ https://taxone.vyapar.com/app/static/js/main.b8aacf6e.js:1
[   24310ms] [WARNING] The specified value "NaN" cannot be parsed, or is out of range. @ https://taxone.vyapar.com/app/static/js/main.b8aacf6e.js:1
[   24310ms] [WARNING] The specified value "NaN" cannot be parsed, or is out of range. @ https://taxone.vyapar.com/app/static/js/main.b8aacf6e.js:1
[   24316ms] [WARNING] The specified value "NaN" cannot be parsed, or is out of range. @ https://taxone.vyapar.com/app/static/js/main.b8aacf6e.js:1
[   24316ms] [WARNING] The specified value "NaN" cannot be parsed, or is out of range. @ https://taxone.vyapar.com/app/static/js/main.b8aacf6e.js:1
[   24484ms] [WARNING] The specified value "NaN" cannot be parsed, or is out of range. @ https://taxone.vyapar.com/app/static/js/main.b8aacf6e.js:1
[   24484ms] [WARNING] The specified value "NaN" cannot be parsed, or is out of range. @ https://taxone.vyapar.com/app/static/js/main.b8aacf6e.js:1
[   25339ms] [WARNING] The specified value "NaN" cannot be parsed, or is out of range. @ https://taxone.vyapar.com/app/static/js/main.b8aacf6e.js:1
[   25339ms] [WARNING] The specified value "NaN" cannot be parsed, or is out of range. @ https://taxone.vyapar.com/app/static/js/main.b8aacf6e.js:1
[   25350ms] [WARNING] The specified value "NaN" cannot be parsed, or is out of range. @ https://taxone.vyapar.com/app/static/js/main.b8aacf6e.js:1
[   25350ms] [WARNING] The specified value "NaN" cannot be parsed, or is out of range. @ https://taxone.vyapar.com/app/static/js/main.b8aacf6e.js:1
[   25364ms] [WARNING] The specified value "NaN" cannot be parsed, or is out of range. @ https://taxone.vyapar.com/app/static/js/main.b8aacf6e.js:1
[   25365ms] [WARNING] The specified value "NaN" cannot be parsed, or is out of range. @ https://taxone.vyapar.com/app/static/js/main.b8aacf6e.js:1
[   25375ms] [WARNING] The specified value "NaN" cannot be parsed, or is out of range. @ https://taxone.vyapar.com/app/static/js/main.b8aacf6e.js:1
[   25375ms] [WARNING] The specified value "NaN" cannot be parsed, or is out of range. @ https://taxone.vyapar.com/app/static/js/main.b8aacf6e.js:1
[   25401ms] [WARNING] The specified value "NaN" cannot be parsed, or is out of range. @ https://taxone.vyapar.com/app/static/js/main.b8aacf6e.js:1
[   25401ms] [WARNING] The specified value "NaN" cannot be parsed, or is out of range. @ https://taxone.vyapar.com/app/static/js/main.b8aacf6e.js:1
