[     248ms] [ERROR] Failed to load resource: the server responded with a status of 404 () @ https://api.themunim.com/api/get-cookie?key=common_data:0
[     267ms] [ERROR] Failed to load resource: the server responded with a status of 404 () @ https://api.themunim.com/api/get-cookie?key=m_d_c:0
[     349ms] Unexpected token '<'
[     399ms] [ERROR] Failed to load resource: the server responded with a status of 404 () @ https://api.themunim.com/api/get-cookie?key=common_data:0
[   53166ms] [ERROR] Failed to load resource: the server responded with a status of 404 () @ https://api.themunim.com/api/get-cookie?key=m_d_c:0
[   53318ms] [ERROR] Failed to load resource: the server responded with a status of 404 () @ https://gstapi.themunim.com/api/get-organization-list:0
[   53361ms] [WARNING] Failed to decode downloaded font: https://gst.themunim.com/static/css/fonts/feather.woff?t=1525787366991 @ https://gst.themunim.com/dashboard:0
[   53361ms] [WARNING] OTS parsing error: invalid sfntVersion: 1008821359 @ https://gst.themunim.com/dashboard:0
[   53361ms] [WARNING] Failed to decode downloaded font: https://gst.themunim.com/static/css/fonts/feather.woff?t=1525787366991 @ https://gst.themunim.com/dashboard:0
[   53361ms] [WARNING] OTS parsing error: invalid sfntVersion: 1008821359 @ https://gst.themunim.com/dashboard:0
[   53395ms] [WARNING] Failed to decode downloaded font: https://gst.themunim.com/static/css/fonts/feather.ttf?t=1525787366991 @ https://gst.themunim.com/dashboard:0
[   53395ms] [WARNING] OTS parsing error: invalid sfntVersion: 1008821359 @ https://gst.themunim.com/dashboard:0
[   53395ms] [WARNING] Failed to decode downloaded font: https://gst.themunim.com/static/css/fonts/feather.ttf?t=1525787366991 @ https://gst.themunim.com/dashboard:0
[   53395ms] [WARNING] OTS parsing error: invalid sfntVersion: 1008821359 @ https://gst.themunim.com/dashboard:0
[   57523ms] [ERROR] Tawk.to setAttributes error: INVALID_NAME @ https://gst.themunim.com/static/js/6879.bundle.1776164415305.js:0
[   83187ms] [WARNING] Failed to decode downloaded font: https://gst.themunim.com/static/css/fonts/feather.woff?t=1525787366991 @ https://gst.themunim.com/dashboard:0
[   83187ms] [WARNING] OTS parsing error: invalid sfntVersion: 1008821359 @ https://gst.themunim.com/dashboard:0
[   83187ms] [WARNING] Failed to decode downloaded font: https://gst.themunim.com/static/css/fonts/feather.ttf?t=1525787366991 @ https://gst.themunim.com/dashboard:0
[   83187ms] [WARNING] OTS parsing error: invalid sfntVersion: 1008821359 @ https://gst.themunim.com/dashboard:0
[   83258ms] [WARNING] Failed to decode downloaded font: https://gst.themunim.com/static/css/fonts/feather.woff?t=1525787366991 @ https://gst.themunim.com/dashboard:0
[   83258ms] [WARNING] OTS parsing error: invalid sfntVersion: 1008821359 @ https://gst.themunim.com/dashboard:0
[   83258ms] [WARNING] Failed to decode downloaded font: https://gst.themunim.com/static/css/fonts/feather.ttf?t=1525787366991 @ https://gst.themunim.com/dashboard:0
[   83258ms] [WARNING] OTS parsing error: invalid sfntVersion: 1008821359 @ https://gst.themunim.com/dashboard:0
[   83379ms] [WARNING] Failed to decode downloaded font: https://gst.themunim.com/static/css/fonts/feather.woff?t=1525787366991 @ https://gst.themunim.com/dashboard:0
[   83379ms] [WARNING] OTS parsing error: invalid sfntVersion: 1008821359 @ https://gst.themunim.com/dashboard:0
[   83379ms] [WARNING] Failed to decode downloaded font: https://gst.themunim.com/static/css/fonts/feather.ttf?t=1525787366991 @ https://gst.themunim.com/dashboard:0
[   83379ms] [WARNING] OTS parsing error: invalid sfntVersion: 1008821359 @ https://gst.themunim.com/dashboard:0
[   83485ms] [WARNING] Failed to decode downloaded font: https://gst.themunim.com/static/css/fonts/feather.woff?t=1525787366991 @ https://gst.themunim.com/dashboard:0
[   83485ms] [WARNING] OTS parsing error: invalid sfntVersion: 1008821359 @ https://gst.themunim.com/dashboard:0
[   83485ms] [WARNING] Failed to decode downloaded font: https://gst.themunim.com/static/css/fonts/feather.ttf?t=1525787366991 @ https://gst.themunim.com/dashboard:0
[   83485ms] [WARNING] OTS parsing error: invalid sfntVersion: 1008821359 @ https://gst.themunim.com/dashboard:0
[   83519ms] [WARNING] Failed to decode downloaded font: https://gst.themunim.com/static/css/fonts/feather.woff?t=1525787366991 @ https://gst.themunim.com/dashboard:0
[   83519ms] [WARNING] OTS parsing error: invalid sfntVersion: 1008821359 @ https://gst.themunim.com/dashboard:0
[   83519ms] [WARNING] Failed to decode downloaded font: https://gst.themunim.com/static/css/fonts/feather.ttf?t=1525787366991 @ https://gst.themunim.com/dashboard:0
[   83519ms] [WARNING] OTS parsing error: invalid sfntVersion: 1008821359 @ https://gst.themunim.com/dashboard:0
[   83537ms] [WARNING] Failed to decode downloaded font: https://gst.themunim.com/static/css/fonts/feather.woff?t=1525787366991 @ https://gst.themunim.com/dashboard:0
[   83537ms] [WARNING] OTS parsing error: invalid sfntVersion: 1008821359 @ https://gst.themunim.com/dashboard:0
[   83537ms] [WARNING] Failed to decode downloaded font: https://gst.themunim.com/static/css/fonts/feather.ttf?t=1525787366991 @ https://gst.themunim.com/dashboard:0
[   83537ms] [WARNING] OTS parsing error: invalid sfntVersion: 1008821359 @ https://gst.themunim.com/dashboard:0
[   83819ms] [WARNING] Failed to decode downloaded font: https://gst.themunim.com/static/css/fonts/feather.woff?t=1525787366991 @ https://gst.themunim.com/dashboard:0
[   83819ms] [WARNING] OTS parsing error: invalid sfntVersion: 1008821359 @ https://gst.themunim.com/dashboard:0
[   83819ms] [WARNING] Failed to decode downloaded font: https://gst.themunim.com/static/css/fonts/feather.ttf?t=1525787366991 @ https://gst.themunim.com/dashboard:0
[   83819ms] [WARNING] OTS parsing error: invalid sfntVersion: 1008821359 @ https://gst.themunim.com/dashboard:0
[   84365ms] [WARNING] Failed to decode downloaded font: https://gst.themunim.com/static/css/fonts/feather.woff?t=1525787366991 @ https://gst.themunim.com/dashboard:0
[   84365ms] [WARNING] OTS parsing error: invalid sfntVersion: 1008821359 @ https://gst.themunim.com/dashboard:0
[   84365ms] [WARNING] Failed to decode downloaded font: https://gst.themunim.com/static/css/fonts/feather.ttf?t=1525787366991 @ https://gst.themunim.com/dashboard:0
[   84365ms] [WARNING] OTS parsing error: invalid sfntVersion: 1008821359 @ https://gst.themunim.com/dashboard:0
[   94555ms] [WARNING] Failed to decode downloaded font: https://gst.themunim.com/static/css/fonts/feather.woff?t=1525787366991 @ https://gst.themunim.com/static/js/3048.bundle.1776164415305.js:74
[   94556ms] [WARNING] OTS parsing error: invalid sfntVersion: 1008821359 @ https://gst.themunim.com/static/js/3048.bundle.1776164415305.js:74
[   94556ms] [WARNING] Failed to decode downloaded font: https://gst.themunim.com/static/css/fonts/feather.ttf?t=1525787366991 @ https://gst.themunim.com/static/js/3048.bundle.1776164415305.js:74
[   94556ms] [WARNING] OTS parsing error: invalid sfntVersion: 1008821359 @ https://gst.themunim.com/static/js/3048.bundle.1776164415305.js:74
[   94608ms] [WARNING] Failed to decode downloaded font: https://gst.themunim.com/static/css/fonts/feather.woff?t=1525787366991 @ https://gst.themunim.com/static/js/146.bundle.1776164415305.js:0
[   94608ms] [WARNING] OTS parsing error: invalid sfntVersion: 1008821359 @ https://gst.themunim.com/static/js/146.bundle.1776164415305.js:0
[   94608ms] [WARNING] Failed to decode downloaded font: https://gst.themunim.com/static/css/fonts/feather.ttf?t=1525787366991 @ https://gst.themunim.com/static/js/146.bundle.1776164415305.js:0
[   94608ms] [WARNING] OTS parsing error: invalid sfntVersion: 1008821359 @ https://gst.themunim.com/static/js/146.bundle.1776164415305.js:0
[   94671ms] [WARNING] Failed to decode downloaded font: https://gst.themunim.com/static/css/fonts/feather.woff?t=1525787366991 @ https://gst.themunim.com/static/js/146.bundle.1776164415305.js:0
[   94671ms] [WARNING] OTS parsing error: invalid sfntVersion: 1008821359 @ https://gst.themunim.com/static/js/146.bundle.1776164415305.js:0
[   94671ms] [WARNING] Failed to decode downloaded font: https://gst.themunim.com/static/css/fonts/feather.ttf?t=1525787366991 @ https://gst.themunim.com/static/js/146.bundle.1776164415305.js:0
[   94671ms] [WARNING] OTS parsing error: invalid sfntVersion: 1008821359 @ https://gst.themunim.com/static/js/146.bundle.1776164415305.js:0
[   97078ms] [WARNING] Failed to decode downloaded font: https://gst.themunim.com/static/css/fonts/feather.woff?t=1525787366991 @ https://gst.themunim.com/static/js/6879.bundle.1776164415305.js:0
[   97078ms] [WARNING] OTS parsing error: invalid sfntVersion: 1008821359 @ https://gst.themunim.com/static/js/6879.bundle.1776164415305.js:0
[   97078ms] [WARNING] Failed to decode downloaded font: https://gst.themunim.com/static/css/fonts/feather.ttf?t=1525787366991 @ https://gst.themunim.com/static/js/6879.bundle.1776164415305.js:0
[   97078ms] [WARNING] OTS parsing error: invalid sfntVersion: 1008821359 @ https://gst.themunim.com/static/js/6879.bundle.1776164415305.js:0
[   97160ms] [WARNING] Failed to decode downloaded font: https://gst.themunim.com/static/css/fonts/feather.woff?t=1525787366991 @ https://gst.themunim.com/static/js/3048.bundle.1776164415305.js:1
[   97160ms] [WARNING] OTS parsing error: invalid sfntVersion: 1008821359 @ https://gst.themunim.com/static/js/3048.bundle.1776164415305.js:1
[   97160ms] [WARNING] Failed to decode downloaded font: https://gst.themunim.com/static/css/fonts/feather.ttf?t=1525787366991 @ https://gst.themunim.com/static/js/3048.bundle.1776164415305.js:1
[   97160ms] [WARNING] OTS parsing error: invalid sfntVersion: 1008821359 @ https://gst.themunim.com/static/js/3048.bundle.1776164415305.js:1
[   97192ms] [WARNING] Failed to decode downloaded font: https://gst.themunim.com/static/css/fonts/feather.woff?t=1525787366991 @ https://gst.themunim.com/static/js/3048.bundle.1776164415305.js:74
[   97192ms] [WARNING] OTS parsing error: invalid sfntVersion: 1008821359 @ https://gst.themunim.com/static/js/3048.bundle.1776164415305.js:74
[   97192ms] [WARNING] Failed to decode downloaded font: https://gst.themunim.com/static/css/fonts/feather.ttf?t=1525787366991 @ https://gst.themunim.com/static/js/3048.bundle.1776164415305.js:74
[   97192ms] [WARNING] OTS parsing error: invalid sfntVersion: 1008821359 @ https://gst.themunim.com/static/js/3048.bundle.1776164415305.js:74
[   97270ms] [WARNING] Failed to decode downloaded font: https://gst.themunim.com/static/css/fonts/feather.woff?t=1525787366991 @ https://gst.themunim.com/gstr1a-prepare:0
[   97270ms] [WARNING] OTS parsing error: invalid sfntVersion: 1008821359 @ https://gst.themunim.com/gstr1a-prepare:0
[   97270ms] [WARNING] Failed to decode downloaded font: https://gst.themunim.com/static/css/fonts/feather.ttf?t=1525787366991 @ https://gst.themunim.com/gstr1a-prepare:0
[   97270ms] [WARNING] OTS parsing error: invalid sfntVersion: 1008821359 @ https://gst.themunim.com/gstr1a-prepare:0
[  108615ms] [VERBOSE] [DOM] Password field is not contained in a form: (More info: https://goo.gl/9p2vKq) @ https://gst.themunim.com/gstr1a-prepare:0
[  108615ms] [VERBOSE] [DOM] Password field is not contained in a form: (More info: https://goo.gl/9p2vKq) %o @ https://gst.themunim.com/gstr1a-prepare:0
[  111663ms] [ERROR] Failed to load resource: the server responded with a status of 400 () @ https://gstapi.themunim.com/api/upload-via-otp-req?id=R2cyODJrWVdORXo0ak8wa2pxbDZlNVd1VS9RRmZwM3pzcVVUTS9YaTI0TGJnRHJneTlqYnNPOWFVeldkSUQ4TTJ3c1ZFQ0ZGa0xqeTI5WDRQckNkMEE9PQ==&is_process=5&select_period=[%22032026%22]&gst_user=:0
[  254737ms] [WARNING] Failed to decode downloaded font: https://gst.themunim.com/static/css/fonts/feather.woff?t=1525787366991 @ https://gst.themunim.com/static/js/munim.bundle.1776164415305.js:1
[  254737ms] [WARNING] OTS parsing error: invalid sfntVersion: 1008821359 @ https://gst.themunim.com/static/js/munim.bundle.1776164415305.js:1
[  254737ms] [WARNING] Failed to decode downloaded font: https://gst.themunim.com/static/css/fonts/feather.ttf?t=1525787366991 @ https://gst.themunim.com/static/js/munim.bundle.1776164415305.js:1
[  254737ms] [WARNING] OTS parsing error: invalid sfntVersion: 1008821359 @ https://gst.themunim.com/static/js/munim.bundle.1776164415305.js:1
[  258616ms] [WARNING] Failed to decode downloaded font: https://gst.themunim.com/static/css/fonts/feather.woff?t=1525787366991 @ https://gst.themunim.com/static/js/6879.bundle.1776164415305.js:0
[  258616ms] [WARNING] OTS parsing error: invalid sfntVersion: 1008821359 @ https://gst.themunim.com/static/js/6879.bundle.1776164415305.js:0
[  258616ms] [WARNING] Failed to decode downloaded font: https://gst.themunim.com/static/css/fonts/feather.ttf?t=1525787366991 @ https://gst.themunim.com/static/js/6879.bundle.1776164415305.js:0
[  258616ms] [WARNING] OTS parsing error: invalid sfntVersion: 1008821359 @ https://gst.themunim.com/static/js/6879.bundle.1776164415305.js:0
[  274679ms] [VERBOSE] [DOM] Password field is not contained in a form: (More info: https://goo.gl/9p2vKq) @ https://gst.themunim.com/gstr1a-prepare:0
[  274679ms] [VERBOSE] [DOM] Password field is not contained in a form: (More info: https://goo.gl/9p2vKq) %o @ https://gst.themunim.com/gstr1a-prepare:0
[  276568ms] [WARNING] Failed to decode downloaded font: https://gst.themunim.com/static/css/fonts/feather.woff?t=1525787366991 @ https://gst.themunim.com/static/js/munim.bundle.1776164415305.js:1
[  276568ms] [WARNING] OTS parsing error: invalid sfntVersion: 1008821359 @ https://gst.themunim.com/static/js/munim.bundle.1776164415305.js:1
[  276568ms] [WARNING] Failed to decode downloaded font: https://gst.themunim.com/static/css/fonts/feather.ttf?t=1525787366991 @ https://gst.themunim.com/static/js/munim.bundle.1776164415305.js:1
[  276568ms] [WARNING] OTS parsing error: invalid sfntVersion: 1008821359 @ https://gst.themunim.com/static/js/munim.bundle.1776164415305.js:1
[ 1052194ms] [WARNING] Failed to decode downloaded font: https://gst.themunim.com/static/css/fonts/feather.woff?t=1525787366991 @ https://gst.themunim.com/static/js/6879.bundle.1776164415305.js:0
[ 1052194ms] [WARNING] OTS parsing error: invalid sfntVersion: 1008821359 @ https://gst.themunim.com/static/js/6879.bundle.1776164415305.js:0
[ 1052194ms] [WARNING] Failed to decode downloaded font: https://gst.themunim.com/static/css/fonts/feather.ttf?t=1525787366991 @ https://gst.themunim.com/static/js/6879.bundle.1776164415305.js:0
[ 1052194ms] [WARNING] OTS parsing error: invalid sfntVersion: 1008821359 @ https://gst.themunim.com/static/js/6879.bundle.1776164415305.js:0
