[    1898ms] [LOG] MIXPANEL PEOPLE REQUEST (QUEUED, PENDING IDENTIFY): @ https://taxone.vyapar.com/app/static/js/main.7502e5e7.js:1
[    1898ms] [LOG] {$set_once: Object, $token: 0fdd7e71716cd0f982dba2923a76e933, $distinct_id: $device:c47df517-6fce-4d9c-9aa3-30e47571dd39, $device_id: c47df517-6fce-4d9c-9aa3-30e47571dd39} @ https://taxone.vyapar.com/app/static/js/main.7502e5e7.js:1
[    1899ms] [LOG] MIXPANEL PEOPLE REQUEST (QUEUED, PENDING IDENTIFY): @ https://taxone.vyapar.com/app/static/js/main.7502e5e7.js:1
[    1899ms] [LOG] {$set_once: Object, $token: 0fdd7e71716cd0f982dba2923a76e933, $distinct_id: $device:c47df517-6fce-4d9c-9aa3-30e47571dd39, $device_id: c47df517-6fce-4d9c-9aa3-30e47571dd39} @ https://taxone.vyapar.com/app/static/js/main.7502e5e7.js:1
[    1978ms] Uncaught (in promise) Error: Can only be used on: https://in.suvit.io
    at <anonymous> (https://cdn.onesignal.com/sdks/web/v16/OneSignalSDK.page.es6.js?v=160603:0:18311)
    at <anonymous> (https://cdn.onesignal.com/sdks/web/v16/OneSignalSDK.page.es6.js?v=160603:0:18373)
[  123443ms] [VERBOSE] [DOM] Input elements should have autocomplete attributes (suggested: "current-password"): (More info: https://goo.gl/9p2vKq) %o @ https://taxone.vyapar.com/app/signIn:0
[  232923ms] [LOG] MIXPANEL REQUEST: @ https://taxone.vyapar.com/app/static/js/main.7502e5e7.js:1
[  232923ms] [LOG] {event: User Properties Set, properties: Object} @ https://taxone.vyapar.com/app/static/js/main.7502e5e7.js:1
[  232924ms] [LOG] MIXPANEL REQUEST: @ https://taxone.vyapar.com/app/static/js/main.7502e5e7.js:1
[  232924ms] [LOG] {event: Successful login, properties: Object} @ https://taxone.vyapar.com/app/static/js/main.7502e5e7.js:1
[  233649ms] [LOG] All caches deleted @ https://taxone.vyapar.com/app/static/js/main.7502e5e7.js:1
[  233672ms] [WARNING] Usetiful: UserId set with delay. Retrying loading from API (attempt 1/5) in 10ms. @ https://www.usetiful.com/dist/usetiful.js:0
[  233678ms] [LOG] MIXPANEL REQUEST: @ https://taxone.vyapar.com/app/static/js/main.7502e5e7.js:1
[  233678ms] [LOG] {event: Company Context Set, properties: Object} @ https://taxone.vyapar.com/app/static/js/main.7502e5e7.js:1
[  234108ms] [LOG] MIXPANEL REQUEST: @ https://taxone.vyapar.com/app/static/js/main.7502e5e7.js:1
[  234108ms] [LOG] {event: Company Context Set, properties: Object} @ https://taxone.vyapar.com/app/static/js/main.7502e5e7.js:1
[  235144ms] [LOG] MIXPANEL REQUEST: @ https://taxone.vyapar.com/app/static/js/main.7502e5e7.js:1
[  235144ms] [LOG] {event: User Properties Set, properties: Object} @ https://taxone.vyapar.com/app/static/js/main.7502e5e7.js:1
[  236960ms] [LOG] [batch] MIXPANEL REQUEST: [Object] @ https://taxone.vyapar.com/app/static/js/main.7502e5e7.js:1
[  236961ms] [LOG] [batch] MIXPANEL REQUEST: [Object, Object, Object, Object, Object, Object, Object] @ https://taxone.vyapar.com/app/static/js/main.7502e5e7.js:1
[  236963ms] [LOG] [batch] MIXPANEL REQUEST: [Object, Object] @ https://taxone.vyapar.com/app/static/js/main.7502e5e7.js:1
