[     319ms] [INFO] %cDownload the React DevTools for a better development experience: https://reactjs.org/link/react-devtools font-weight:bold @ webpack-internal:///(app-pages-browser)/./node_modules/next/dist/compiled/react-dom/cjs/react-dom.development.js:38559
[     370ms] [ERROR] Failed to load resource: the server responded with a status of 404 (Not Found) @ http://127.0.0.1:3001/favicon.ico:0
[  230130ms] [LOG] [Fast Refresh] rebuilding @ webpack-internal:///(app-pages-browser)/./node_modules/next/dist/client/components/react-dev-overlay/app/hot-reloader-client.js:186
[  230213ms] [ERROR] ./src/components/GSTSection.tsx
Error: 
  × Unexpected token `div`. Expected jsx identifier
     ╭─[/Users/juned/WORK/Automation_Wireframe/Automation-Wireframe/src/components/GSTSection.tsx:634:1]
 634 │   );
 635 │ 
 636 │   return (
 637 │     <div className="flex h-full flex-col bg-[#f6f8fc]">
     ·      ───
 638 │       <div className="h-[54px] border-b border-gray-200 bg-white px-6 flex items-center justify-between flex-shrink-0">
 639 │         <div className="flex items-center gap-3">
 640 │           <div className="flex h-8 w-8 items-center justify-center rounded bg-gradient-to-br from-blue-500 to-indigo-600 text-white">
     ╰────

Caused by:
    Syntax Error

Import trace for requested module:
./src/components/GSTSection.tsx
./src/app/app/da/gst/page.tsx @ webpack-internal:///(app-pages-browser)/./node_modules/next/dist/client/app-index.js:32
[  268781ms] [ERROR] ./src/components/GSTSection.tsx
Error: 
  × Unexpected token `div`. Expected jsx identifier
     ╭─[/Users/juned/WORK/Automation_Wireframe/Automation-Wireframe/src/components/GSTSection.tsx:634:1]
 634 │   );
 635 │ 
 636 │   return (
 637 │     <div className="flex h-full flex-col bg-[#f6f8fc]">
     ·      ───
 638 │       <div className="h-[54px] border-b border-gray-200 bg-white px-6 flex items-center justify-between flex-shrink-0">
 639 │         <div className="flex items-center gap-3">
 640 │           <div className="flex h-8 w-8 items-center justify-center rounded bg-gradient-to-br from-blue-500 to-indigo-600 text-white">
     ╰────

Caused by:
    Syntax Error

Import trace for requested module:
./src/components/GSTSection.tsx
./src/app/app/da/gst/page.tsx @ webpack-internal:///(app-pages-browser)/./node_modules/next/dist/client/app-index.js:32
[  268781ms] [LOG] [Fast Refresh] rebuilding @ webpack-internal:///(app-pages-browser)/./node_modules/next/dist/client/components/react-dev-overlay/app/hot-reloader-client.js:186
[  268973ms] [LOG] [Fast Refresh] done in 193ms @ webpack-internal:///(app-pages-browser)/./node_modules/next/dist/client/components/react-dev-overlay/app/hot-reloader-client.js:43
